[2026-07-29 22:18:15] [INFO] [SOSU Started]
[2026-07-29 23:00:35] [INFO] [SOSU > Started]
[2026-07-29 23:01:43] [INFO] [SOSU Started]
[2026-07-29 23:14:25] [INFO] [SOSU Started]
[2026-07-29 23:14:56] [INFO] [SOSU Started]
[2026-07-29 23:15:36] [INFO] [SOSU Started]
[2026-07-29 23:16:31] [INFO] [SOSU Started]
[2026-07-29 23:18:31] [INFO] [SOSU Started]
[2026-07-29 23:18:36] [INFO] [User : Hello Bro]
[2026-07-29 23:26:03] [INFO] [SOSU Started]
[2026-07-29 23:26:14] [INFO] [User : Hello who are you bro]
[2026-07-29 23:29:08] [INFO] [SOSU Started]
[2026-07-29 23:29:10] [INFO] [User : ]
[2026-07-29 23:29:57] [INFO] [SOSU Started]
[2026-07-29 23:29:59] [INFO] [User : ]
[2026-07-29 23:30:32] [INFO] [SOSU Started]
[2026-07-29 23:30:33] [INFO] [User : ]
[2026-07-29 23:31:44] [INFO] [SOSU Started]
[2026-07-29 23:31:46] [INFO] [User :   ]
[2026-07-29 23:34:27] [INFO] [SOSU Started]
[2026-07-29 23:35:11] [INFO] [SOSU Started]
[2026-07-29 23:35:13] [INFO] [User: ]
[2026-07-29 23:35:13] [WARNING] [Empty user input received.]
[2026-07-30 15:39:53] [INFO] [SOSU Started]
[2026-07-30 15:40:02] [INFO] [User: Help bro please ]
[2026-07-30 15:45:27] [INFO] [SOSU Started]
[2026-07-30 15:45:33] [INFO] [User: Help i am lost]
[2026-07-30 15:46:46] [INFO] [SOSU Started]
[2026-07-30 15:46:50] [INFO] [User: help bro]
[2026-07-30 15:49:03] [INFO] [SOSU Started]
[2026-07-30 15:49:04] [INFO] [User: help bro]
[2026-07-30 15:49:18] [INFO] [SOSU Started]
[2026-07-30 15:49:18] [INFO] [User: help bro]
[2026-07-30 15:52:25] [INFO] [SOSU Started]
[2026-07-30 15:52:36] [INFO] [User: Help bro i am in danger]
[2026-07-30 15:52:36] [INFO] [Routing command HELP]
[2026-07-30 16:13:49] [INFO] [SOSU Started]
[2026-07-30 16:14:40] [INFO] [SOSU Started]
[2026-07-30 16:15:54] [INFO] [SOSU Started]
[2026-07-30 16:15:55] [ERROR] [KeyboardInterrupt]
[2026-07-30 16:16:14] [ERROR] [KeyboardInterrupt]
[2026-07-30 16:16:27] [INFO] [User: cls]
[2026-07-30 16:16:51] [INFO] [SOSU Started]
[2026-07-30 16:16:53] [ERROR] [KeyboardInterrupt]
[2026-07-30 16:18:03] [INFO] [SOSU Started]
[2026-07-30 16:18:06] [ERROR] [KeyboardInterrupt]
[2026-07-30 16:18:14] [INFO] [SOSU Started]
[2026-07-30 16:18:18] [INFO] [User: Hello bro]
[2026-07-30 16:19:40] [INFO] [SOSU Started]
[2026-07-30 16:19:45] [INFO] [User: Hello bro]
[2026-07-30 16:19:45] [INFO] [Routing command HELLO argument BRO]
[2026-07-30 16:21:42] [INFO] [SOSU Started]
[2026-07-30 16:21:42] [WARNING] [Empty user input received.]
[2026-07-30 16:21:59] [ERROR] [KeyboardInterrupt]
[2026-07-30 16:22:05] [INFO] [SOSU Started]
[2026-07-30 16:22:07] [WARNING] [Empty user input received.]
[2026-07-30 16:22:17] [ERROR] [KeyboardInterrupt]
[2026-07-31 17:51:32] [INFO] [SOSU Started]
[2026-07-31 17:51:49] [INFO] [User: Hello i am sanju]
[2026-07-31 17:51:49] [INFO] [Routing command HELLO argument I AM SANJU]
